HiluiyaNavy:
HiluiyaMainFleet:
ATypeFFG: [10, 4, 4]
ATypeRailgun: Shots Left: 46
ATypeLaser: Shots Left: -1

ATypeFFG: [10, 4, 4]
ATypeRailgun: Shots Left: 46
ATypeLaser: Shots Left: -1

ATypeFFG: [10, 4, 4]
ATypeRailgun: Shots Left: 46
ATypeLaser: Shots Left: -1

ATypeFFG: [10, 4, 4]
ATypeRailgun: Shots Left: 46
ATypeLaser: Shots Left: -1

ATypeFFG: [10, 4, 4]
ATypeRailgun: Shots Left: 46
ATypeLaser: Shots Left: -1

ATypeFFG: [10, 4, 4]
ATypeRailgun: Shots Left: 46
ATypeLaser: Shots Left: -1

ATypeFFG: [10, 4, 4]
ATypeRailgun: Shots Left: 46
ATypeLaser: Shots Left: -1

ATypeFFG: [10, 4, 4]
ATypeRailgun: Shots Left: 46
ATypeLaser: Shots Left: -1

ATypeFFG: [10, 4, 4]
ATypeRailgun: Shots Left: 46
ATypeLaser: Shots Left: -1

ATypeFFG: [10, 4, 4]
ATypeRailgun: Shots Left: 46
ATypeLaser: Shots Left: -1

ATypeFFG: [10, 4, 4]
ATypeRailgun: Shots Left: 46
ATypeLaser: Shots Left: -1

ATypeFFG: [10, 4, 4]
ATypeRailgun: Shots Left: 46
ATypeLaser: Shots Left: -1

ATypeFFG: [10, 4, 4]
ATypeRailgun: Shots Left: 46
ATypeLaser: Shots Left: -1

ATypeFFG: [10, 4, 4]
ATypeRailgun: Shots Left: 46
ATypeLaser: Shots Left: -1

BTypeDDG: [12, 0, 4]
BTypeRailgun: Shots Left: 46
BTypeLaser: Shots Left: -1

BTypeDDG: [12, 8, 8]
BTypeRailgun: Shots Left: 46
BTypeLaser: Shots Left: -1

BTypeDDG: [12, 8, 8]
BTypeRailgun: Shots Left: 46
BTypeLaser: Shots Left: -1

BTypeDDG: [12, 8, 8]
BTypeRailgun: Shots Left: 46
BTypeLaser: Shots Left: -1

BTypeDDG: [12, 0, 5]
BTypeRailgun: Shots Left: 46
BTypeLaser: Shots Left: -1

BTypeDDG: [12, 8, 8]
BTypeRailgun: Shots Left: 46
BTypeLaser: Shots Left: -1

BTypeDDG: [12, 0, 2]
BTypeRailgun: Shots Left: 46
BTypeLaser: Shots Left: -1

BTypeDDG: [12, 8, 8]
BTypeRailgun: Shots Left: 46
BTypeLaser: Shots Left: -1

BTypeDDG: [12, 8, 8]
BTypeRailgun: Shots Left: 46
BTypeLaser: Shots Left: -1

BTypeDDG: [12, 8, 8]
BTypeRailgun: Shots Left: 46
BTypeLaser: Shots Left: -1

CTypeCG: [14, 0, 12]
CTypeRailgun: Shots Left: 46
CTypeLaser: Shots Left: -1

CTypeCG: [14, 12, 12]
CTypeRailgun: Shots Left: 46
CTypeLaser: Shots Left: -1

CTypeCG: [14, 0, 12]
CTypeRailgun: Shots Left: 46
CTypeLaser: Shots Left: -1

CTypeCG: [14, 12, 12]
CTypeRailgun: Shots Left: 46
CTypeLaser: Shots Left: -1




